{"timestamp": "2026-02-09T03:13:04.493696Z", "level": "INFO", "logger": "simulation", "message": "Simulation event: uat_started", "module": "logger", "function": "log_simulation_event", "line": 78, "event_type": "uat_started", "scenario": "financial_portfolio_optimization"}
{"timestamp": "2026-02-09T03:13:04.496127Z", "level": "WARNING", "logger": "base_agent", "message": "API request failed (attempt 1/3): POST /api/faucet/claim - HTTPConnectionPool(host='127.0.0.1', port=8000): Max retries exceeded with url: /api/faucet/claim (Caused by NewConnectionError('<urllib3.connection.HTTPConnection object at 0x7b933b9b94c0>: Failed to establish a new connection: [Errno 111] Connection refused')). Retrying in 1s", "module": "base_agent", "function": "_make_request", "line": 44}
{"timestamp": "2026-02-09T03:13:05.496950Z", "level": "WARNING", "logger": "base_agent", "message": "API request failed (attempt 2/3): POST /api/faucet/claim - HTTPConnectionPool(host='127.0.0.1', port=8000): Max retries exceeded with url: /api/faucet/claim (Caused by NewConnectionError('<urllib3.connection.HTTPConnection object at 0x7b933b9b9760>: Failed to establish a new connection: [Errno 111] Connection refused')). Retrying in 2s", "module": "base_agent", "function": "_make_request", "line": 44}
{"timestamp": "2026-02-09T03:13:07.497724Z", "level": "ERROR", "logger": "base_agent", "message": "API request failed after 3 attempts: POST /api/faucet/claim - HTTPConnectionPool(host='127.0.0.1', port=8000): Max retries exceeded with url: /api/faucet/claim (Caused by NewConnectionError('<urllib3.connection.HTTPConnection object at 0x7b933b9b9a90>: Failed to establish a new connection: [Errno 111] Connection refused'))", "module": "base_agent", "function": "_make_request", "line": 47}
{"timestamp": "2026-02-09T03:13:07.497812Z", "level": "ERROR", "logger": "requester_agent", "message": "Agent michael_financial_advisor faucet claim error: HTTPConnectionPool(host='127.0.0.1', port=8000): Max retries exceeded with url: /api/faucet/claim (Caused by NewConnectionError('<urllib3.connection.HTTPConnection object at 0x7b933b9b9a90>: Failed to establish a new connection: [Errno 111] Connection refused'))", "module": "requester_agent", "function": "claim_faucet", "line": 32}
{"timestamp": "2026-02-09T03:13:07.497993Z", "level": "ERROR", "logger": "uat_scenarios", "message": "UAT: Failed to claim tokens", "module": "uat_scenarios", "function": "run_financial_portfolio_optimization_uat", "line": 56}
{"timestamp": "2026-02-09T03:13:07.498077Z", "level": "INFO", "logger": "simulation", "message": "Simulation event: uat_started", "module": "logger", "function": "log_simulation_event", "line": 78, "event_type": "uat_started", "scenario": "new_seller_trust_building"}
{"timestamp": "2026-02-09T03:13:09.101955Z", "level": "INFO", "logger": "worker_agent", "message": "Agent alex_sentiment_analyzer successfully executed job None in 1.60s", "module": "worker_agent", "function": "execute_job", "line": 93}
{"timestamp": "2026-02-09T03:13:10.449832Z", "level": "WARNING", "logger": "verifier_agent", "message": "Agent open_source_verifier rejected verification for job open_source_job_1", "module": "verifier_agent", "function": "verify_job", "line": 40}
{"timestamp": "2026-02-09T03:13:12.449673Z", "level": "INFO", "logger": "worker_agent", "message": "Agent alex_sentiment_analyzer successfully executed job None in 2.00s", "module": "worker_agent", "function": "execute_job", "line": 93}
{"timestamp": "2026-02-09T03:13:13.701071Z", "level": "INFO", "logger": "verifier_agent", "message": "Agent open_source_verifier verified job open_source_job_2 successfully", "module": "verifier_agent", "function": "verify_job", "line": 38}
{"timestamp": "2026-02-09T03:13:13.701234Z", "level": "INFO", "logger": "uat_scenarios", "message": "Open source task 2 verified successfully", "module": "uat_scenarios", "function": "run_new_seller_trust_building_uat", "line": 177}
{"timestamp": "2026-02-09T03:13:15.362078Z", "level": "INFO", "logger": "worker_agent", "message": "Agent alex_sentiment_analyzer successfully executed job None in 1.66s", "module": "worker_agent", "function": "execute_job", "line": 93}
{"timestamp": "2026-02-09T03:13:17.134869Z", "level": "INFO", "logger": "verifier_agent", "message": "Agent open_source_verifier verified job open_source_job_3 successfully", "module": "verifier_agent", "function": "verify_job", "line": 38}
{"timestamp": "2026-02-09T03:13:17.135030Z", "level": "INFO", "logger": "uat_scenarios", "message": "Open source task 3 verified successfully", "module": "uat_scenarios", "function": "run_new_seller_trust_building_uat", "line": 177}
{"timestamp": "2026-02-09T03:13:18.757637Z", "level": "INFO", "logger": "worker_agent", "message": "Agent alex_sentiment_analyzer successfully executed job None in 1.62s", "module": "worker_agent", "function": "execute_job", "line": 93}
{"timestamp": "2026-02-09T03:13:20.110236Z", "level": "INFO", "logger": "verifier_agent", "message": "Agent open_source_verifier verified job open_source_job_4 successfully", "module": "verifier_agent", "function": "verify_job", "line": 38}
{"timestamp": "2026-02-09T03:13:20.110424Z", "level": "INFO", "logger": "uat_scenarios", "message": "Open source task 4 verified successfully", "module": "uat_scenarios", "function": "run_new_seller_trust_building_uat", "line": 177}
{"timestamp": "2026-02-09T03:13:22.397008Z", "level": "INFO", "logger": "worker_agent", "message": "Agent alex_sentiment_analyzer successfully executed job None in 2.29s", "module": "worker_agent", "function": "execute_job", "line": 93}
{"timestamp": "2026-02-09T03:13:23.108066Z", "level": "INFO", "logger": "verifier_agent", "message": "Agent open_source_verifier verified job open_source_job_5 successfully", "module": "verifier_agent", "function": "verify_job", "line": 38}
{"timestamp": "2026-02-09T03:13:23.108246Z", "level": "INFO", "logger": "uat_scenarios", "message": "Open source task 5 verified successfully", "module": "uat_scenarios", "function": "run_new_seller_trust_building_uat", "line": 177}
{"timestamp": "2026-02-09T03:13:23.108316Z", "level": "INFO", "logger": "simulation", "message": "Simulation event: uat_completed", "module": "logger", "function": "log_simulation_event", "line": 78, "event_type": "uat_completed", "scenario": "new_seller_trust_building", "total_tasks": 5, "successful_verifications": 4, "success_rate": 0.8, "trust_built": true}
{"timestamp": "2026-02-09T03:13:23.108398Z", "level": "INFO", "logger": "simulation", "message": "Simulation event: uat_started", "module": "logger", "function": "log_simulation_event", "line": 78, "event_type": "uat_started", "scenario": "enterprise_production_ai"}
{"timestamp": "2026-02-09T03:13:23.897757Z", "level": "INFO", "logger": "worker_agent", "message": "Agent enterprise_trading_bot successfully executed job None in 0.79s", "module": "worker_agent", "function": "execute_job", "line": 93}
{"timestamp": "2026-02-09T03:13:24.688326Z", "level": "INFO", "logger": "verifier_agent", "message": "Agent regulatory_compliance_verifier verified job trading_decision_1 successfully", "module": "verifier_agent", "function": "verify_job", "line": 38}
{"timestamp": "2026-02-09T03:13:24.688541Z", "level": "INFO", "logger": "uat_scenarios", "message": "Trading decision 1 verified for regulatory compliance", "module": "uat_scenarios", "function": "run_enterprise_production_ai_uat", "line": 262}
{"timestamp": "2026-02-09T03:13:25.300108Z", "level": "INFO", "logger": "worker_agent", "message": "Agent enterprise_trading_bot successfully executed job None in 0.61s", "module": "worker_agent", "function": "execute_job", "line": 93}
{"timestamp": "2026-02-09T03:13:25.975921Z", "level": "INFO", "logger": "verifier_agent", "message": "Agent regulatory_compliance_verifier verified job trading_decision_2 successfully", "module": "verifier_agent", "function": "verify_job", "line": 38}
{"timestamp": "2026-02-09T03:13:25.976116Z", "level": "INFO", "logger": "uat_scenarios", "message": "Trading decision 2 verified for regulatory compliance", "module": "uat_scenarios", "function": "run_enterprise_production_ai_uat", "line": 262}
{"timestamp": "2026-02-09T03:13:25.976197Z", "level": "INFO", "logger": "simulation", "message": "Simulation event: uat_completed", "module": "logger", "function": "log_simulation_event", "line": 78, "event_type": "uat_completed", "scenario": "enterprise_production_ai", "decisions_analyzed": 2, "all_verified": true}
{"timestamp": "2026-02-09T03:13:25.976324Z", "level": "INFO", "logger": "simulation", "message": "Simulation event: uat_started", "module": "logger", "function": "log_simulation_event", "line": 78, "event_type": "uat_started", "scenario": "freelance_quality_competition"}
{"timestamp": "2026-02-09T03:13:26.991536Z", "level": "INFO", "logger": "worker_agent", "message": "Agent lisa_verified_content_creator successfully executed job None in 1.01s", "module": "worker_agent", "function": "execute_job", "line": 93}
{"timestamp": "2026-02-09T03:13:29.151418Z", "level": "INFO", "logger": "worker_agent", "message": "Agent cheap_content_creator successfully executed job None in 2.16s", "module": "worker_agent", "function": "execute_job", "line": 93}
{"timestamp": "2026-02-09T03:13:30.503137Z", "level": "INFO", "logger": "verifier_agent", "message": "Agent quality_assurance_verifier verified job marketing_copy_job_lisa successfully", "module": "verifier_agent", "function": "verify_job", "line": 38}
{"timestamp": "2026-02-09T03:13:32.304442Z", "level": "WARNING", "logger": "verifier_agent", "message": "Agent quality_assurance_verifier rejected verification for job marketing_copy_job_cheap", "module": "verifier_agent", "function": "verify_job", "line": 40}
{"timestamp": "2026-02-09T03:13:32.304636Z", "level": "INFO", "logger": "simulation", "message": "Simulation event: uat_completed", "module": "logger", "function": "log_simulation_event", "line": 78, "event_type": "uat_completed", "scenario": "freelance_quality_competition", "lisa_quality_score": 0.8319664089469793, "cheap_quality_score": 0, "verified_quality_wins": true}
{"timestamp": "2026-02-09T03:13:32.304735Z", "level": "INFO", "logger": "simulation", "message": "Simulation event: uat_started", "module": "logger", "function": "log_simulation_event", "line": 78, "event_type": "uat_started", "scenario": "researcher_reproducibility"}
{"timestamp": "2026-02-09T03:13:33.518251Z", "level": "INFO", "logger": "worker_agent", "message": "Agent dr_patel_climate_researcher successfully executed job None in 1.21s", "module": "worker_agent", "function": "execute_job", "line": 93}
{"timestamp": "2026-02-09T03:13:34.316460Z", "level": "INFO", "logger": "verifier_agent", "message": "Agent peer_review_verifier verified job climate_research_1 successfully", "module": "verifier_agent", "function": "verify_job", "line": 38}
{"timestamp": "2026-02-09T03:13:35.770399Z", "level": "INFO", "logger": "worker_agent", "message": "Agent dr_patel_climate_researcher successfully executed job None in 1.45s", "module": "worker_agent", "function": "execute_job", "line": 93}
{"timestamp": "2026-02-09T03:13:35.770603Z", "level": "INFO", "logger": "uat_scenarios", "message": "Research task 1 reproducibility: True", "module": "uat_scenarios", "function": "run_researcher_reproducibility_uat", "line": 431}
{"timestamp": "2026-02-09T03:13:37.336563Z", "level": "INFO", "logger": "worker_agent", "message": "Agent dr_patel_climate_researcher successfully executed job None in 1.57s", "module": "worker_agent", "function": "execute_job", "line": 93}
{"timestamp": "2026-02-09T03:13:38.229109Z", "level": "INFO", "logger": "verifier_agent", "message": "Agent peer_review_verifier verified job climate_research_2 successfully", "module": "verifier_agent", "function": "verify_job", "line": 38}
{"timestamp": "2026-02-09T03:13:39.535327Z", "level": "INFO", "logger": "worker_agent", "message": "Agent dr_patel_climate_researcher successfully executed job None in 1.31s", "module": "worker_agent", "function": "execute_job", "line": 93}
{"timestamp": "2026-02-09T03:13:39.535494Z", "level": "INFO", "logger": "uat_scenarios", "message": "Research task 2 reproducibility: True", "module": "uat_scenarios", "function": "run_researcher_reproducibility_uat", "line": 431}
{"timestamp": "2026-02-09T03:13:39.535572Z", "level": "INFO", "logger": "simulation", "message": "Simulation event: uat_completed", "module": "logger", "function": "log_simulation_event", "line": 78, "event_type": "uat_completed", "scenario": "researcher_reproducibility", "tasks_analyzed": 2, "reproducibility_checks": [true, true], "all_reproducible": true}
{"timestamp": "2026-02-09T03:13:40.408257Z", "level": "INFO", "logger": "simulation", "message": "Simulation event: uat_started", "module": "logger", "function": "log_simulation_event", "line": 78, "event_type": "uat_started", "scenario": "financial_portfolio_optimization"}
{"timestamp": "2026-02-09T03:13:40.410212Z", "level": "WARNING", "logger": "base_agent", "message": "API request failed (attempt 1/3): POST /api/faucet/claim - HTTPConnectionPool(host='127.0.0.1', port=8000): Max retries exceeded with url: /api/faucet/claim (Caused by NewConnectionError('<urllib3.connection.HTTPConnection object at 0x706f7e88da30>: Failed to establish a new connection: [Errno 111] Connection refused')). Retrying in 1s", "module": "base_agent", "function": "_make_request", "line": 44}
{"timestamp": "2026-02-09T03:13:41.411043Z", "level": "WARNING", "logger": "base_agent", "message": "API request failed (attempt 2/3): POST /api/faucet/claim - HTTPConnectionPool(host='127.0.0.1', port=8000): Max retries exceeded with url: /api/faucet/claim (Caused by NewConnectionError('<urllib3.connection.HTTPConnection object at 0x706f7e88dd30>: Failed to establish a new connection: [Errno 111] Connection refused')). Retrying in 2s", "module": "base_agent", "function": "_make_request", "line": 44}
{"timestamp": "2026-02-09T03:13:43.411822Z", "level": "ERROR", "logger": "base_agent", "message": "API request failed after 3 attempts: POST /api/faucet/claim - HTTPConnectionPool(host='127.0.0.1', port=8000): Max retries exceeded with url: /api/faucet/claim (Caused by NewConnectionError('<urllib3.connection.HTTPConnection object at 0x706f7e88e060>: Failed to establish a new connection: [Errno 111] Connection refused'))", "module": "base_agent", "function": "_make_request", "line": 47}
{"timestamp": "2026-02-09T03:13:43.411902Z", "level": "ERROR", "logger": "requester_agent", "message": "Agent michael_financial_advisor faucet claim error: HTTPConnectionPool(host='127.0.0.1', port=8000): Max retries exceeded with url: /api/faucet/claim (Caused by NewConnectionError('<urllib3.connection.HTTPConnection object at 0x706f7e88e060>: Failed to establish a new connection: [Errno 111] Connection refused'))", "module": "requester_agent", "function": "claim_faucet", "line": 32}
{"timestamp": "2026-02-09T03:13:43.412079Z", "level": "ERROR", "logger": "uat_scenarios", "message": "UAT: Failed to claim tokens", "module": "uat_scenarios", "function": "run_financial_portfolio_optimization_uat", "line": 56}
{"timestamp": "2026-02-09T03:13:43.412178Z", "level": "INFO", "logger": "simulation", "message": "Simulation event: uat_started", "module": "logger", "function": "log_simulation_event", "line": 78, "event_type": "uat_started", "scenario": "new_seller_trust_building"}
{"timestamp": "2026-02-09T03:13:45.206287Z", "level": "INFO", "logger": "worker_agent", "message": "Agent alex_sentiment_analyzer successfully executed job None in 1.79s", "module": "worker_agent", "function": "execute_job", "line": 93}
{"timestamp": "2026-02-09T03:13:47.107058Z", "level": "INFO", "logger": "verifier_agent", "message": "Agent open_source_verifier verified job open_source_job_1 successfully", "module": "verifier_agent", "function": "verify_job", "line": 38}
{"timestamp": "2026-02-09T03:13:47.107233Z", "level": "INFO", "logger": "uat_scenarios", "message": "Open source task 1 verified successfully", "module": "uat_scenarios", "function": "run_new_seller_trust_building_uat", "line": 177}
{"timestamp": "2026-02-09T03:13:48.917708Z", "level": "INFO", "logger": "worker_agent", "message": "Agent alex_sentiment_analyzer successfully executed job None in 1.81s", "module": "worker_agent", "function": "execute_job", "line": 93}
{"timestamp": "2026-02-09T03:13:49.724082Z", "level": "INFO", "logger": "verifier_agent", "message": "Agent open_source_verifier verified job open_source_job_2 successfully", "module": "verifier_agent", "function": "verify_job", "line": 38}
{"timestamp": "2026-02-09T03:13:49.724260Z", "level": "INFO", "logger": "uat_scenarios", "message": "Open source task 2 verified successfully", "module": "uat_scenarios", "function": "run_new_seller_trust_building_uat", "line": 177}
{"timestamp": "2026-02-09T03:13:51.599094Z", "level": "INFO", "logger": "worker_agent", "message": "Agent alex_sentiment_analyzer successfully executed job None in 1.87s", "module": "worker_agent", "function": "execute_job", "line": 93}
{"timestamp": "2026-02-09T03:13:52.155123Z", "level": "INFO", "logger": "verifier_agent", "message": "Agent open_source_verifier verified job open_source_job_3 successfully", "module": "verifier_agent", "function": "verify_job", "line": 38}
{"timestamp": "2026-02-09T03:13:52.155321Z", "level": "INFO", "logger": "uat_scenarios", "message": "Open source task 3 verified successfully", "module": "uat_scenarios", "function": "run_new_seller_trust_building_uat", "line": 177}
{"timestamp": "2026-02-09T03:13:54.108408Z", "level": "INFO", "logger": "worker_agent", "message": "Agent alex_sentiment_analyzer successfully executed job None in 1.95s", "module": "worker_agent", "function": "execute_job", "line": 93}
{"timestamp": "2026-02-09T03:13:55.658715Z", "level": "INFO", "logger": "verifier_agent", "message": "Agent open_source_verifier verified job open_source_job_4 successfully", "module": "verifier_agent", "function": "verify_job", "line": 38}
{"timestamp": "2026-02-09T03:13:55.658951Z", "level": "INFO", "logger": "uat_scenarios", "message": "Open source task 4 verified successfully", "module": "uat_scenarios", "function": "run_new_seller_trust_building_uat", "line": 177}
{"timestamp": "2026-02-09T03:13:57.830954Z", "level": "INFO", "logger": "worker_agent", "message": "Agent alex_sentiment_analyzer successfully executed job None in 2.17s", "module": "worker_agent", "function": "execute_job", "line": 93}
{"timestamp": "2026-02-09T03:13:58.959644Z", "level": "INFO", "logger": "verifier_agent", "message": "Agent open_source_verifier verified job open_source_job_5 successfully", "module": "verifier_agent", "function": "verify_job", "line": 38}
{"timestamp": "2026-02-09T03:13:58.959844Z", "level": "INFO", "logger": "uat_scenarios", "message": "Open source task 5 verified successfully", "module": "uat_scenarios", "function": "run_new_seller_trust_building_uat", "line": 177}
{"timestamp": "2026-02-09T03:13:58.959936Z", "level": "INFO", "logger": "simulation", "message": "Simulation event: uat_completed", "module": "logger", "function": "log_simulation_event", "line": 78, "event_type": "uat_completed", "scenario": "new_seller_trust_building", "total_tasks": 5, "successful_verifications": 5, "success_rate": 1.0, "trust_built": true}
{"timestamp": "2026-02-09T03:13:58.960051Z", "level": "INFO", "logger": "simulation", "message": "Simulation event: uat_started", "module": "logger", "function": "log_simulation_event", "line": 78, "event_type": "uat_started", "scenario": "enterprise_production_ai"}
{"timestamp": "2026-02-09T03:13:59.797113Z", "level": "INFO", "logger": "worker_agent", "message": "Agent enterprise_trading_bot successfully executed job None in 0.84s", "module": "worker_agent", "function": "execute_job", "line": 93}
{"timestamp": "2026-02-09T03:14:00.805685Z", "level": "WARNING", "logger": "verifier_agent", "message": "Agent regulatory_compliance_verifier rejected verification for job trading_decision_1", "module": "verifier_agent", "function": "verify_job", "line": 40}
{"timestamp": "2026-02-09T03:14:00.805936Z", "level": "ERROR", "logger": "uat_scenarios", "message": "Trading decision 1 verification failed", "module": "uat_scenarios", "function": "run_enterprise_production_ai_uat", "line": 258}
{"timestamp": "2026-02-09T03:14:01.600326Z", "level": "INFO", "logger": "worker_agent", "message": "Agent enterprise_trading_bot successfully executed job None in 0.79s", "module": "worker_agent", "function": "execute_job", "line": 93}
{"timestamp": "2026-02-09T03:14:02.487474Z", "level": "INFO", "logger": "verifier_agent", "message": "Agent regulatory_compliance_verifier verified job trading_decision_2 successfully", "module": "verifier_agent", "function": "verify_job", "line": 38}
{"timestamp": "2026-02-09T03:14:02.487676Z", "level": "INFO", "logger": "uat_scenarios", "message": "Trading decision 2 verified for regulatory compliance", "module": "uat_scenarios", "function": "run_enterprise_production_ai_uat", "line": 262}
{"timestamp": "2026-02-09T03:14:02.487776Z", "level": "INFO", "logger": "simulation", "message": "Simulation event: uat_completed", "module": "logger", "function": "log_simulation_event", "line": 78, "event_type": "uat_completed", "scenario": "enterprise_production_ai", "decisions_analyzed": 2, "all_verified": false}
{"timestamp": "2026-02-09T03:14:02.487891Z", "level": "INFO", "logger": "simulation", "message": "Simulation event: uat_started", "module": "logger", "function": "log_simulation_event", "line": 78, "event_type": "uat_started", "scenario": "freelance_quality_competition"}
{"timestamp": "2026-02-09T03:14:03.524804Z", "level": "INFO", "logger": "worker_agent", "message": "Agent lisa_verified_content_creator successfully executed job None in 1.04s", "module": "worker_agent", "function": "execute_job", "line": 93}
{"timestamp": "2026-02-09T03:14:05.440815Z", "level": "WARNING", "logger": "worker_agent", "message": "Agent cheap_content_creator failed to execute job None", "module": "worker_agent", "function": "execute_job", "line": 100}
{"timestamp": "2026-02-09T03:14:07.194071Z", "level": "INFO", "logger": "verifier_agent", "message": "Agent quality_assurance_verifier verified job marketing_copy_job_lisa successfully", "module": "verifier_agent", "function": "verify_job", "line": 38}
{"timestamp": "2026-02-09T03:14:07.194302Z", "level": "INFO", "logger": "simulation", "message": "Simulation event: uat_completed", "module": "logger", "function": "log_simulation_event", "line": 78, "event_type": "uat_completed", "scenario": "freelance_quality_competition", "lisa_quality_score": 0.8404485525203851, "cheap_quality_score": 0, "verified_quality_wins": true}
{"timestamp": "2026-02-09T03:14:07.194416Z", "level": "INFO", "logger": "simulation", "message": "Simulation event: uat_started", "module": "logger", "function": "log_simulation_event", "line": 78, "event_type": "uat_started", "scenario": "researcher_reproducibility"}
{"timestamp": "2026-02-09T03:14:08.439785Z", "level": "INFO", "logger": "worker_agent", "message": "Agent dr_patel_climate_researcher successfully executed job None in 1.24s", "module": "worker_agent", "function": "execute_job", "line": 93}
{"timestamp": "2026-02-09T03:14:10.322813Z", "level": "INFO", "logger": "verifier_agent", "message": "Agent peer_review_verifier verified job climate_research_1 successfully", "module": "verifier_agent", "function": "verify_job", "line": 38}
{"timestamp": "2026-02-09T03:14:11.784528Z", "level": "INFO", "logger": "worker_agent", "message": "Agent dr_patel_climate_researcher successfully executed job None in 1.46s", "module": "worker_agent", "function": "execute_job", "line": 93}
{"timestamp": "2026-02-09T03:14:11.784756Z", "level": "INFO", "logger": "uat_scenarios", "message": "Research task 1 reproducibility: True", "module": "uat_scenarios", "function": "run_researcher_reproducibility_uat", "line": 431}
{"timestamp": "2026-02-09T03:14:12.921034Z", "level": "INFO", "logger": "worker_agent", "message": "Agent dr_patel_climate_researcher successfully executed job None in 1.14s", "module": "worker_agent", "function": "execute_job", "line": 93}
{"timestamp": "2026-02-09T03:14:14.423003Z", "level": "INFO", "logger": "verifier_agent", "message": "Agent peer_review_verifier verified job climate_research_2 successfully", "module": "verifier_agent", "function": "verify_job", "line": 38}
{"timestamp": "2026-02-09T03:15:02.310231Z", "level": "INFO", "logger": "simulation", "message": "Simulation event: uat_started", "module": "logger", "function": "log_simulation_event", "line": 78, "event_type": "uat_started", "scenario": "financial_portfolio_optimization"}
{"timestamp": "2026-02-09T03:15:02.312182Z", "level": "WARNING", "logger": "base_agent", "message": "API request failed (attempt 1/3): POST /api/faucet/claim - HTTPConnectionPool(host='127.0.0.1', port=8000): Max retries exceeded with url: /api/faucet/claim (Caused by NewConnectionError('<urllib3.connection.HTTPConnection object at 0x77383722dac0>: Failed to establish a new connection: [Errno 111] Connection refused')). Retrying in 1s", "module": "base_agent", "function": "_make_request", "line": 44}
{"timestamp": "2026-02-09T03:15:03.313143Z", "level": "WARNING", "logger": "base_agent", "message": "API request failed (attempt 2/3): POST /api/faucet/claim - HTTPConnectionPool(host='127.0.0.1', port=8000): Max retries exceeded with url: /api/faucet/claim (Caused by NewConnectionError('<urllib3.connection.HTTPConnection object at 0x77383722dc70>: Failed to establish a new connection: [Errno 111] Connection refused')). Retrying in 2s", "module": "base_agent", "function": "_make_request", "line": 44}
{"timestamp": "2026-02-09T03:15:05.313904Z", "level": "ERROR", "logger": "base_agent", "message": "API request failed after 3 attempts: POST /api/faucet/claim - HTTPConnectionPool(host='127.0.0.1', port=8000): Max retries exceeded with url: /api/faucet/claim (Caused by NewConnectionError('<urllib3.connection.HTTPConnection object at 0x77383722dfa0>: Failed to establish a new connection: [Errno 111] Connection refused'))", "module": "base_agent", "function": "_make_request", "line": 47}
{"timestamp": "2026-02-09T03:15:05.313979Z", "level": "ERROR", "logger": "requester_agent", "message": "Agent michael_financial_advisor faucet claim error: HTTPConnectionPool(host='127.0.0.1', port=8000): Max retries exceeded with url: /api/faucet/claim (Caused by NewConnectionError('<urllib3.connection.HTTPConnection object at 0x77383722dfa0>: Failed to establish a new connection: [Errno 111] Connection refused'))", "module": "requester_agent", "function": "claim_faucet", "line": 32}
{"timestamp": "2026-02-09T03:15:05.314153Z", "level": "ERROR", "logger": "uat_scenarios", "message": "UAT: Failed to claim tokens", "module": "uat_scenarios", "function": "run_financial_portfolio_optimization_uat", "line": 56}
{"timestamp": "2026-02-09T03:15:05.314234Z", "level": "INFO", "logger": "simulation", "message": "Simulation event: uat_started", "module": "logger", "function": "log_simulation_event", "line": 78, "event_type": "uat_started", "scenario": "new_seller_trust_building"}
{"timestamp": "2026-02-09T03:15:31.997192Z", "level": "INFO", "logger": "simulation", "message": "Simulation event: uat_started", "module": "logger", "function": "log_simulation_event", "line": 78, "event_type": "uat_started", "scenario": "financial_portfolio_optimization"}
{"timestamp": "2026-02-09T03:15:31.998549Z", "level": "WARNING", "logger": "base_agent", "message": "API request failed (attempt 1/3): POST /api/faucet/claim - HTTPConnectionPool(host='127.0.0.1', port=8000): Max retries exceeded with url: /api/faucet/claim (Caused by NewConnectionError(\"HTTPConnection(host='127.0.0.1', port=8000): Failed to establish a new connection: [Errno 111] Connection refused\")). Retrying in 1s", "module": "base_agent", "function": "_make_request", "line": 44}
{"timestamp": "2026-02-09T03:15:32.999435Z", "level": "WARNING", "logger": "base_agent", "message": "API request failed (attempt 2/3): POST /api/faucet/claim - HTTPConnectionPool(host='127.0.0.1', port=8000): Max retries exceeded with url: /api/faucet/claim (Caused by NewConnectionError(\"HTTPConnection(host='127.0.0.1', port=8000): Failed to establish a new connection: [Errno 111] Connection refused\")). Retrying in 2s", "module": "base_agent", "function": "_make_request", "line": 44}
{"timestamp": "2026-02-09T03:15:35.000184Z", "level": "ERROR", "logger": "base_agent", "message": "API request failed after 3 attempts: POST /api/faucet/claim - HTTPConnectionPool(host='127.0.0.1', port=8000): Max retries exceeded with url: /api/faucet/claim (Caused by NewConnectionError(\"HTTPConnection(host='127.0.0.1', port=8000): Failed to establish a new connection: [Errno 111] Connection refused\"))", "module": "base_agent", "function": "_make_request", "line": 47}
{"timestamp": "2026-02-09T03:15:35.000363Z", "level": "ERROR", "logger": "requester_agent", "message": "Agent michael_financial_advisor faucet claim error: HTTPConnectionPool(host='127.0.0.1', port=8000): Max retries exceeded with url: /api/faucet/claim (Caused by NewConnectionError(\"HTTPConnection(host='127.0.0.1', port=8000): Failed to establish a new connection: [Errno 111] Connection refused\"))", "module": "requester_agent", "function": "claim_faucet", "line": 32}
{"timestamp": "2026-02-09T03:15:35.000527Z", "level": "ERROR", "logger": "uat_scenarios", "message": "UAT: Failed to claim tokens", "module": "uat_scenarios", "function": "run_financial_portfolio_optimization_uat", "line": 56}
{"timestamp": "2026-02-09T03:15:35.000603Z", "level": "INFO", "logger": "simulation", "message": "Simulation event: uat_started", "module": "logger", "function": "log_simulation_event", "line": 78, "event_type": "uat_started", "scenario": "new_seller_trust_building"}
{"timestamp": "2026-02-09T03:15:36.869147Z", "level": "INFO", "logger": "worker_agent", "message": "Agent alex_sentiment_analyzer successfully executed job None in 1.87s", "module": "worker_agent", "function": "execute_job", "line": 93}
{"timestamp": "2026-02-09T03:15:38.685202Z", "level": "INFO", "logger": "verifier_agent", "message": "Agent open_source_verifier verified job open_source_job_1 successfully", "module": "verifier_agent", "function": "verify_job", "line": 38}
{"timestamp": "2026-02-09T03:15:38.685430Z", "level": "INFO", "logger": "uat_scenarios", "message": "Open source task 1 verified successfully", "module": "uat_scenarios", "function": "run_new_seller_trust_building_uat", "line": 177}
{"timestamp": "2026-02-09T03:15:40.356797Z", "level": "INFO", "logger": "worker_agent", "message": "Agent alex_sentiment_analyzer successfully executed job None in 1.67s", "module": "worker_agent", "function": "execute_job", "line": 93}
{"timestamp": "2026-02-09T03:15:41.568336Z", "level": "INFO", "logger": "verifier_agent", "message": "Agent open_source_verifier verified job open_source_job_2 successfully", "module": "verifier_agent", "function": "verify_job", "line": 38}
{"timestamp": "2026-02-09T03:15:41.568527Z", "level": "INFO", "logger": "uat_scenarios", "message": "Open source task 2 verified successfully", "module": "uat_scenarios", "function": "run_new_seller_trust_building_uat", "line": 177}
{"timestamp": "2026-02-09T03:15:43.270479Z", "level": "WARNING", "logger": "worker_agent", "message": "Agent alex_sentiment_analyzer failed to execute job None", "module": "worker_agent", "function": "execute_job", "line": 100}
{"timestamp": "2026-02-09T03:15:45.372177Z", "level": "INFO", "logger": "worker_agent", "message": "Agent alex_sentiment_analyzer successfully executed job None in 2.10s", "module": "worker_agent", "function": "execute_job", "line": 93}
{"timestamp": "2026-02-09T03:46:30.161185Z", "level": "INFO", "logger": "simulation", "message": "Simulation event: uat_started", "module": "logger", "function": "log_simulation_event", "line": 78, "event_type": "uat_started", "scenario": "financial_portfolio_optimization"}
{"timestamp": "2026-02-09T03:46:30.166971Z", "level": "INFO", "logger": "base_agent", "message": "API POST /api/faucet/claim - Status: 404", "module": "base_agent", "function": "_make_request", "line": 38}
{"timestamp": "2026-02-09T03:46:30.167054Z", "level": "ERROR", "logger": "requester_agent", "message": "Agent michael_financial_advisor faucet claim failed: 404 - {\"detail\":\"Not Found\"}", "module": "requester_agent", "function": "claim_faucet", "line": 29}
{"timestamp": "2026-02-09T03:46:30.167232Z", "level": "ERROR", "logger": "uat_scenarios", "message": "UAT: Failed to claim tokens", "module": "uat_scenarios", "function": "run_financial_portfolio_optimization_uat", "line": 56}
{"timestamp": "2026-02-09T03:46:30.167379Z", "level": "INFO", "logger": "simulation", "message": "Simulation event: uat_started", "module": "logger", "function": "log_simulation_event", "line": 78, "event_type": "uat_started", "scenario": "new_seller_trust_building"}
{"timestamp": "2026-02-09T03:46:32.167353Z", "level": "INFO", "logger": "worker_agent", "message": "Agent alex_sentiment_analyzer successfully executed job None in 2.00s", "module": "worker_agent", "function": "execute_job", "line": 93}
{"timestamp": "2026-02-09T03:46:33.673348Z", "level": "INFO", "logger": "verifier_agent", "message": "Agent open_source_verifier verified job open_source_job_1 successfully", "module": "verifier_agent", "function": "verify_job", "line": 38}
{"timestamp": "2026-02-09T03:46:33.673534Z", "level": "INFO", "logger": "uat_scenarios", "message": "Open source task 1 verified successfully", "module": "uat_scenarios", "function": "run_new_seller_trust_building_uat", "line": 177}
{"timestamp": "2026-02-09T03:46:35.682000Z", "level": "INFO", "logger": "worker_agent", "message": "Agent alex_sentiment_analyzer successfully executed job None in 2.01s", "module": "worker_agent", "function": "execute_job", "line": 93}
{"timestamp": "2026-02-09T03:46:36.934755Z", "level": "INFO", "logger": "verifier_agent", "message": "Agent open_source_verifier verified job open_source_job_2 successfully", "module": "verifier_agent", "function": "verify_job", "line": 38}
{"timestamp": "2026-02-09T03:46:36.934945Z", "level": "INFO", "logger": "uat_scenarios", "message": "Open source task 2 verified successfully", "module": "uat_scenarios", "function": "run_new_seller_trust_building_uat", "line": 177}
{"timestamp": "2026-02-09T03:46:38.958721Z", "level": "INFO", "logger": "worker_agent", "message": "Agent alex_sentiment_analyzer successfully executed job None in 2.02s", "module": "worker_agent", "function": "execute_job", "line": 93}
{"timestamp": "2026-02-09T03:46:39.565041Z", "level": "INFO", "logger": "verifier_agent", "message": "Agent open_source_verifier verified job open_source_job_3 successfully", "module": "verifier_agent", "function": "verify_job", "line": 38}
{"timestamp": "2026-02-09T03:46:39.565257Z", "level": "INFO", "logger": "uat_scenarios", "message": "Open source task 3 verified successfully", "module": "uat_scenarios", "function": "run_new_seller_trust_building_uat", "line": 177}
{"timestamp": "2026-02-09T03:46:41.389512Z", "level": "INFO", "logger": "worker_agent", "message": "Agent alex_sentiment_analyzer successfully executed job None in 1.82s", "module": "worker_agent", "function": "execute_job", "line": 93}
{"timestamp": "2026-02-09T03:46:43.363372Z", "level": "WARNING", "logger": "verifier_agent", "message": "Agent open_source_verifier rejected verification for job open_source_job_4", "module": "verifier_agent", "function": "verify_job", "line": 40}
{"timestamp": "2026-02-09T03:46:45.562699Z", "level": "INFO", "logger": "worker_agent", "message": "Agent alex_sentiment_analyzer successfully executed job None in 2.20s", "module": "worker_agent", "function": "execute_job", "line": 93}
{"timestamp": "2026-02-09T03:46:46.625769Z", "level": "WARNING", "logger": "verifier_agent", "message": "Agent open_source_verifier rejected verification for job open_source_job_5", "module": "verifier_agent", "function": "verify_job", "line": 40}
{"timestamp": "2026-02-09T03:46:46.625969Z", "level": "INFO", "logger": "simulation", "message": "Simulation event: uat_completed", "module": "logger", "function": "log_simulation_event", "line": 78, "event_type": "uat_completed", "scenario": "new_seller_trust_building", "total_tasks": 5, "successful_verifications": 3, "success_rate": 0.6, "trust_built": false}
{"timestamp": "2026-02-09T03:46:46.626062Z", "level": "INFO", "logger": "simulation", "message": "Simulation event: uat_started", "module": "logger", "function": "log_simulation_event", "line": 78, "event_type": "uat_started", "scenario": "enterprise_production_ai"}
{"timestamp": "2026-02-09T03:46:47.312663Z", "level": "INFO", "logger": "worker_agent", "message": "Agent enterprise_trading_bot successfully executed job None in 0.69s", "module": "worker_agent", "function": "execute_job", "line": 93}
{"timestamp": "2026-02-09T03:46:48.738958Z", "level": "WARNING", "logger": "verifier_agent", "message": "Agent regulatory_compliance_verifier rejected verification for job trading_decision_1", "module": "verifier_agent", "function": "verify_job", "line": 40}
{"timestamp": "2026-02-09T03:46:48.739147Z", "level": "ERROR", "logger": "uat_scenarios", "message": "Trading decision 1 verification failed", "module": "uat_scenarios", "function": "run_enterprise_production_ai_uat", "line": 258}
{"timestamp": "2026-02-09T03:46:49.536406Z", "level": "WARNING", "logger": "worker_agent", "message": "Agent enterprise_trading_bot failed to execute job None", "module": "worker_agent", "function": "execute_job", "line": 100}
{"timestamp": "2026-02-09T03:46:49.536590Z", "level": "ERROR", "logger": "uat_scenarios", "message": "Trading decision 2 execution failed", "module": "uat_scenarios", "function": "run_enterprise_production_ai_uat", "line": 248}
{"timestamp": "2026-02-09T03:46:49.536665Z", "level": "INFO", "logger": "simulation", "message": "Simulation event: uat_completed", "module": "logger", "function": "log_simulation_event", "line": 78, "event_type": "uat_completed", "scenario": "enterprise_production_ai", "decisions_analyzed": 2, "all_verified": false}
{"timestamp": "2026-02-09T03:46:49.536754Z", "level": "INFO", "logger": "simulation", "message": "Simulation event: uat_started", "module": "logger", "function": "log_simulation_event", "line": 78, "event_type": "uat_started", "scenario": "freelance_quality_competition"}
{"timestamp": "2026-02-09T03:46:50.695501Z", "level": "INFO", "logger": "worker_agent", "message": "Agent lisa_verified_content_creator successfully executed job None in 1.16s", "module": "worker_agent", "function": "execute_job", "line": 93}
{"timestamp": "2026-02-09T03:46:52.521090Z", "level": "INFO", "logger": "worker_agent", "message": "Agent cheap_content_creator successfully executed job None in 1.83s", "module": "worker_agent", "function": "execute_job", "line": 93}
{"timestamp": "2026-02-09T03:46:53.281109Z", "level": "WARNING", "logger": "verifier_agent", "message": "Agent quality_assurance_verifier rejected verification for job marketing_copy_job_lisa", "module": "verifier_agent", "function": "verify_job", "line": 40}
{"timestamp": "2026-02-09T03:46:54.647746Z", "level": "INFO", "logger": "verifier_agent", "message": "Agent quality_assurance_verifier verified job marketing_copy_job_cheap successfully", "module": "verifier_agent", "function": "verify_job", "line": 38}
{"timestamp": "2026-02-09T03:46:54.647955Z", "level": "INFO", "logger": "simulation", "message": "Simulation event: uat_completed", "module": "logger", "function": "log_simulation_event", "line": 78, "event_type": "uat_completed", "scenario": "freelance_quality_competition", "lisa_quality_score": 0, "cheap_quality_score": 0.9375789510808994, "verified_quality_wins": false}
{"timestamp": "2026-02-09T03:46:54.648043Z", "level": "INFO", "logger": "simulation", "message": "Simulation event: uat_started", "module": "logger", "function": "log_simulation_event", "line": 78, "event_type": "uat_started", "scenario": "researcher_reproducibility"}
{"timestamp": "2026-02-09T03:46:55.790886Z", "level": "INFO", "logger": "worker_agent", "message": "Agent dr_patel_climate_researcher successfully executed job None in 1.14s", "module": "worker_agent", "function": "execute_job", "line": 93}
{"timestamp": "2026-02-09T03:46:56.770348Z", "level": "INFO", "logger": "verifier_agent", "message": "Agent peer_review_verifier verified job climate_research_1 successfully", "module": "verifier_agent", "function": "verify_job", "line": 38}
{"timestamp": "2026-02-09T03:46:58.095498Z", "level": "INFO", "logger": "worker_agent", "message": "Agent dr_patel_climate_researcher successfully executed job None in 1.32s", "module": "worker_agent", "function": "execute_job", "line": 93}
{"timestamp": "2026-02-09T03:46:58.095688Z", "level": "INFO", "logger": "uat_scenarios", "message": "Research task 1 reproducibility: True", "module": "uat_scenarios", "function": "run_researcher_reproducibility_uat", "line": 431}
{"timestamp": "2026-02-09T03:46:59.558697Z", "level": "INFO", "logger": "worker_agent", "message": "Agent dr_patel_climate_researcher successfully executed job None in 1.46s", "module": "worker_agent", "function": "execute_job", "line": 93}
{"timestamp": "2026-02-09T03:47:00.600843Z", "level": "INFO", "logger": "verifier_agent", "message": "Agent peer_review_verifier verified job climate_research_2 successfully", "module": "verifier_agent", "function": "verify_job", "line": 38}
{"timestamp": "2026-02-09T03:47:01.849790Z", "level": "INFO", "logger": "worker_agent", "message": "Agent dr_patel_climate_researcher successfully executed job None in 1.25s", "module": "worker_agent", "function": "execute_job", "line": 93}
{"timestamp": "2026-02-09T03:47:01.850018Z", "level": "INFO", "logger": "uat_scenarios", "message": "Research task 2 reproducibility: True", "module": "uat_scenarios", "function": "run_researcher_reproducibility_uat", "line": 431}
{"timestamp": "2026-02-09T03:47:01.850108Z", "level": "INFO", "logger": "simulation", "message": "Simulation event: uat_completed", "module": "logger", "function": "log_simulation_event", "line": 78, "event_type": "uat_completed", "scenario": "researcher_reproducibility", "tasks_analyzed": 2, "reproducibility_checks": [true, true], "all_reproducible": true}
{"timestamp": "2026-02-09T03:50:38.390030Z", "level": "INFO", "logger": "simulation", "message": "Simulation event: uat_started", "module": "logger", "function": "log_simulation_event", "line": 78, "event_type": "uat_started", "scenario": "financial_portfolio_optimization"}
{"timestamp": "2026-02-09T03:50:38.395621Z", "level": "INFO", "logger": "base_agent", "message": "API POST /faucet/claim - Status: 401", "module": "base_agent", "function": "_make_request", "line": 38}
{"timestamp": "2026-02-09T03:50:38.395689Z", "level": "ERROR", "logger": "requester_agent", "message": "Agent michael_financial_advisor faucet claim failed: 401 - {\"detail\":{\"error\":\"missing_identity_header\",\"message\":\"X-Moltbook-Identity header is required\"}}", "module": "requester_agent", "function": "claim_faucet", "line": 29}
{"timestamp": "2026-02-09T03:50:38.395855Z", "level": "ERROR", "logger": "uat_scenarios", "message": "UAT: Failed to claim tokens", "module": "uat_scenarios", "function": "run_financial_portfolio_optimization_uat", "line": 56}
{"timestamp": "2026-02-09T03:50:38.395987Z", "level": "INFO", "logger": "simulation", "message": "Simulation event: uat_started", "module": "logger", "function": "log_simulation_event", "line": 78, "event_type": "uat_started", "scenario": "new_seller_trust_building"}
{"timestamp": "2026-02-09T03:50:40.643164Z", "level": "INFO", "logger": "worker_agent", "message": "Agent alex_sentiment_analyzer successfully executed job None in 2.25s", "module": "worker_agent", "function": "execute_job", "line": 95}
{"timestamp": "2026-02-09T03:50:42.510472Z", "level": "INFO", "logger": "verifier_agent", "message": "Agent open_source_verifier verified job open_source_job_1 successfully", "module": "verifier_agent", "function": "verify_job", "line": 38}
{"timestamp": "2026-02-09T03:50:42.510642Z", "level": "INFO", "logger": "uat_scenarios", "message": "Open source task 1 verified successfully", "module": "uat_scenarios", "function": "run_new_seller_trust_building_uat", "line": 172}
{"timestamp": "2026-02-09T03:50:44.765133Z", "level": "INFO", "logger": "worker_agent", "message": "Agent alex_sentiment_analyzer successfully executed job None in 2.25s", "module": "worker_agent", "function": "execute_job", "line": 95}
{"timestamp": "2026-02-09T03:50:46.155501Z", "level": "INFO", "logger": "verifier_agent", "message": "Agent open_source_verifier verified job open_source_job_2 successfully", "module": "verifier_agent", "function": "verify_job", "line": 38}
{"timestamp": "2026-02-09T03:50:46.155760Z", "level": "INFO", "logger": "uat_scenarios", "message": "Open source task 2 verified successfully", "module": "uat_scenarios", "function": "run_new_seller_trust_building_uat", "line": 172}
{"timestamp": "2026-02-09T03:50:47.871971Z", "level": "INFO", "logger": "worker_agent", "message": "Agent alex_sentiment_analyzer successfully executed job None in 1.72s", "module": "worker_agent", "function": "execute_job", "line": 95}
{"timestamp": "2026-02-09T03:50:48.688117Z", "level": "INFO", "logger": "verifier_agent", "message": "Agent open_source_verifier verified job open_source_job_3 successfully", "module": "verifier_agent", "function": "verify_job", "line": 38}
{"timestamp": "2026-02-09T03:50:48.688308Z", "level": "INFO", "logger": "uat_scenarios", "message": "Open source task 3 verified successfully", "module": "uat_scenarios", "function": "run_new_seller_trust_building_uat", "line": 172}
{"timestamp": "2026-02-09T03:50:50.901815Z", "level": "INFO", "logger": "worker_agent", "message": "Agent alex_sentiment_analyzer successfully executed job None in 2.21s", "module": "worker_agent", "function": "execute_job", "line": 95}
{"timestamp": "2026-02-09T03:50:52.820894Z", "level": "INFO", "logger": "verifier_agent", "message": "Agent open_source_verifier verified job open_source_job_4 successfully", "module": "verifier_agent", "function": "verify_job", "line": 38}
{"timestamp": "2026-02-09T03:50:52.821232Z", "level": "INFO", "logger": "uat_scenarios", "message": "Open source task 4 verified successfully", "module": "uat_scenarios", "function": "run_new_seller_trust_building_uat", "line": 172}
{"timestamp": "2026-02-09T03:50:54.984895Z", "level": "INFO", "logger": "worker_agent", "message": "Agent alex_sentiment_analyzer successfully executed job None in 2.16s", "module": "worker_agent", "function": "execute_job", "line": 95}
{"timestamp": "2026-02-09T03:50:56.944988Z", "level": "INFO", "logger": "verifier_agent", "message": "Agent open_source_verifier verified job open_source_job_5 successfully", "module": "verifier_agent", "function": "verify_job", "line": 38}
{"timestamp": "2026-02-09T03:50:56.945203Z", "level": "INFO", "logger": "uat_scenarios", "message": "Open source task 5 verified successfully", "module": "uat_scenarios", "function": "run_new_seller_trust_building_uat", "line": 172}
{"timestamp": "2026-02-09T03:50:56.945281Z", "level": "INFO", "logger": "simulation", "message": "Simulation event: uat_completed", "module": "logger", "function": "log_simulation_event", "line": 78, "event_type": "uat_completed", "scenario": "new_seller_trust_building", "total_tasks": 5, "successful_verifications": 5, "success_rate": 1.0, "trust_built": true}
{"timestamp": "2026-02-09T03:50:56.945374Z", "level": "INFO", "logger": "simulation", "message": "Simulation event: uat_started", "module": "logger", "function": "log_simulation_event", "line": 78, "event_type": "uat_started", "scenario": "enterprise_production_ai"}
{"timestamp": "2026-02-09T03:50:57.643545Z", "level": "INFO", "logger": "worker_agent", "message": "Agent enterprise_trading_bot successfully executed job None in 0.70s", "module": "worker_agent", "function": "execute_job", "line": 95}
{"timestamp": "2026-02-09T03:50:58.925371Z", "level": "INFO", "logger": "verifier_agent", "message": "Agent regulatory_compliance_verifier verified job trading_decision_1 successfully", "module": "verifier_agent", "function": "verify_job", "line": 38}
{"timestamp": "2026-02-09T03:50:58.925562Z", "level": "INFO", "logger": "uat_scenarios", "message": "Trading decision 1 verified for regulatory compliance", "module": "uat_scenarios", "function": "run_enterprise_production_ai_uat", "line": 257}
{"timestamp": "2026-02-09T03:50:59.761514Z", "level": "INFO", "logger": "worker_agent", "message": "Agent enterprise_trading_bot successfully executed job None in 0.84s", "module": "worker_agent", "function": "execute_job", "line": 95}
{"timestamp": "2026-02-09T03:51:01.285494Z", "level": "INFO", "logger": "verifier_agent", "message": "Agent regulatory_compliance_verifier verified job trading_decision_2 successfully", "module": "verifier_agent", "function": "verify_job", "line": 38}
{"timestamp": "2026-02-09T03:51:01.285690Z", "level": "INFO", "logger": "uat_scenarios", "message": "Trading decision 2 verified for regulatory compliance", "module": "uat_scenarios", "function": "run_enterprise_production_ai_uat", "line": 257}
{"timestamp": "2026-02-09T03:51:01.285779Z", "level": "INFO", "logger": "simulation", "message": "Simulation event: uat_completed", "module": "logger", "function": "log_simulation_event", "line": 78, "event_type": "uat_completed", "scenario": "enterprise_production_ai", "decisions_analyzed": 2, "all_verified": true}
{"timestamp": "2026-02-09T03:51:01.285873Z", "level": "INFO", "logger": "simulation", "message": "Simulation event: uat_started", "module": "logger", "function": "log_simulation_event", "line": 78, "event_type": "uat_started", "scenario": "freelance_quality_competition"}
{"timestamp": "2026-02-09T03:51:02.469207Z", "level": "INFO", "logger": "worker_agent", "message": "Agent lisa_verified_content_creator successfully executed job None in 1.18s", "module": "worker_agent", "function": "execute_job", "line": 95}
{"timestamp": "2026-02-09T03:51:04.369152Z", "level": "INFO", "logger": "worker_agent", "message": "Agent cheap_content_creator successfully executed job None in 1.90s", "module": "worker_agent", "function": "execute_job", "line": 95}
{"timestamp": "2026-02-09T03:51:05.236382Z", "level": "INFO", "logger": "verifier_agent", "message": "Agent quality_assurance_verifier verified job marketing_copy_job_lisa successfully", "module": "verifier_agent", "function": "verify_job", "line": 38}
{"timestamp": "2026-02-09T03:51:06.390449Z", "level": "INFO", "logger": "verifier_agent", "message": "Agent quality_assurance_verifier verified job marketing_copy_job_cheap successfully", "module": "verifier_agent", "function": "verify_job", "line": 38}
{"timestamp": "2026-02-09T03:51:06.390668Z", "level": "INFO", "logger": "simulation", "message": "Simulation event: uat_completed", "module": "logger", "function": "log_simulation_event", "line": 78, "event_type": "uat_completed", "scenario": "freelance_quality_competition", "lisa_quality_score": 0.9415100132667702, "cheap_quality_score": 0.8288526598781149, "verified_quality_wins": true}
{"timestamp": "2026-02-09T03:51:06.390788Z", "level": "INFO", "logger": "simulation", "message": "Simulation event: uat_started", "module": "logger", "function": "log_simulation_event", "line": 78, "event_type": "uat_started", "scenario": "researcher_reproducibility"}
{"timestamp": "2026-02-09T03:51:07.741061Z", "level": "INFO", "logger": "worker_agent", "message": "Agent dr_patel_climate_researcher successfully executed job None in 1.35s", "module": "worker_agent", "function": "execute_job", "line": 95}
{"timestamp": "2026-02-09T03:51:09.432720Z", "level": "INFO", "logger": "verifier_agent", "message": "Agent peer_review_verifier verified job climate_research_1 successfully", "module": "verifier_agent", "function": "verify_job", "line": 38}
{"timestamp": "2026-02-09T03:51:11.080121Z", "level": "INFO", "logger": "worker_agent", "message": "Agent dr_patel_climate_researcher successfully executed job None in 1.65s", "module": "worker_agent", "function": "execute_job", "line": 95}
{"timestamp": "2026-02-09T03:51:11.080485Z", "level": "INFO", "logger": "uat_scenarios", "message": "Research task 1 reproducibility: True", "module": "uat_scenarios", "function": "run_researcher_reproducibility_uat", "line": 426}
{"timestamp": "2026-02-09T03:51:12.336286Z", "level": "INFO", "logger": "worker_agent", "message": "Agent dr_patel_climate_researcher successfully executed job None in 1.26s", "module": "worker_agent", "function": "execute_job", "line": 95}
{"timestamp": "2026-02-09T03:51:13.551528Z", "level": "INFO", "logger": "verifier_agent", "message": "Agent peer_review_verifier verified job climate_research_2 successfully", "module": "verifier_agent", "function": "verify_job", "line": 38}
{"timestamp": "2026-02-09T03:51:15.047331Z", "level": "WARNING", "logger": "worker_agent", "message": "Agent dr_patel_climate_researcher failed to execute job None", "module": "worker_agent", "function": "execute_job", "line": 102}
{"timestamp": "2026-02-09T03:51:15.047524Z", "level": "INFO", "logger": "uat_scenarios", "message": "Research task 2 reproducibility: False", "module": "uat_scenarios", "function": "run_researcher_reproducibility_uat", "line": 426}
{"timestamp": "2026-02-09T03:51:15.047592Z", "level": "INFO", "logger": "simulation", "message": "Simulation event: uat_completed", "module": "logger", "function": "log_simulation_event", "line": 78, "event_type": "uat_completed", "scenario": "researcher_reproducibility", "tasks_analyzed": 2, "reproducibility_checks": [true, false], "all_reproducible": false}
{"timestamp": "2026-02-09T03:52:06.020516Z", "level": "INFO", "logger": "simulation", "message": "Simulation event: uat_started", "module": "logger", "function": "log_simulation_event", "line": 78, "event_type": "uat_started", "scenario": "financial_portfolio_optimization"}
{"timestamp": "2026-02-09T03:52:06.033310Z", "level": "INFO", "logger": "base_agent", "message": "API POST /faucet/claim - Status: 429", "module": "base_agent", "function": "_make_request", "line": 38}
{"timestamp": "2026-02-09T03:52:06.033378Z", "level": "WARNING", "logger": "requester_agent", "message": "Agent michael_financial_advisor hit rate limit on faucet claim", "module": "requester_agent", "function": "claim_faucet", "line": 26}
{"timestamp": "2026-02-09T03:52:06.033543Z", "level": "ERROR", "logger": "uat_scenarios", "message": "UAT: Failed to claim tokens", "module": "uat_scenarios", "function": "run_financial_portfolio_optimization_uat", "line": 56}
{"timestamp": "2026-02-09T03:52:06.033680Z", "level": "INFO", "logger": "simulation", "message": "Simulation event: uat_started", "module": "logger", "function": "log_simulation_event", "line": 78, "event_type": "uat_started", "scenario": "new_seller_trust_building"}
{"timestamp": "2026-02-09T03:52:08.024340Z", "level": "INFO", "logger": "worker_agent", "message": "Agent alex_sentiment_analyzer successfully executed job None in 1.99s", "module": "worker_agent", "function": "execute_job", "line": 95}
{"timestamp": "2026-02-09T03:52:09.181625Z", "level": "INFO", "logger": "verifier_agent", "message": "Agent open_source_verifier verified job open_source_job_1 successfully", "module": "verifier_agent", "function": "verify_job", "line": 38}
{"timestamp": "2026-02-09T03:52:09.181840Z", "level": "INFO", "logger": "uat_scenarios", "message": "Open source task 1 verified successfully", "module": "uat_scenarios", "function": "run_new_seller_trust_building_uat", "line": 172}
{"timestamp": "2026-02-09T03:52:11.315191Z", "level": "INFO", "logger": "worker_agent", "message": "Agent alex_sentiment_analyzer successfully executed job None in 2.13s", "module": "worker_agent", "function": "execute_job", "line": 95}
{"timestamp": "2026-02-09T03:52:12.605946Z", "level": "INFO", "logger": "verifier_agent", "message": "Agent open_source_verifier verified job open_source_job_2 successfully", "module": "verifier_agent", "function": "verify_job", "line": 38}
{"timestamp": "2026-02-09T03:52:12.606111Z", "level": "INFO", "logger": "uat_scenarios", "message": "Open source task 2 verified successfully", "module": "uat_scenarios", "function": "run_new_seller_trust_building_uat", "line": 172}
{"timestamp": "2026-02-09T03:52:14.968903Z", "level": "INFO", "logger": "worker_agent", "message": "Agent alex_sentiment_analyzer successfully executed job None in 2.36s", "module": "worker_agent", "function": "execute_job", "line": 95}
{"timestamp": "2026-02-09T03:52:15.631444Z", "level": "INFO", "logger": "verifier_agent", "message": "Agent open_source_verifier verified job open_source_job_3 successfully", "module": "verifier_agent", "function": "verify_job", "line": 38}
{"timestamp": "2026-02-09T03:52:15.631690Z", "level": "INFO", "logger": "uat_scenarios", "message": "Open source task 3 verified successfully", "module": "uat_scenarios", "function": "run_new_seller_trust_building_uat", "line": 172}
{"timestamp": "2026-02-09T03:52:17.279308Z", "level": "INFO", "logger": "worker_agent", "message": "Agent alex_sentiment_analyzer successfully executed job None in 1.65s", "module": "worker_agent", "function": "execute_job", "line": 95}
{"timestamp": "2026-02-09T03:52:18.511824Z", "level": "INFO", "logger": "verifier_agent", "message": "Agent open_source_verifier verified job open_source_job_4 successfully", "module": "verifier_agent", "function": "verify_job", "line": 38}
{"timestamp": "2026-02-09T03:52:18.512002Z", "level": "INFO", "logger": "uat_scenarios", "message": "Open source task 4 verified successfully", "module": "uat_scenarios", "function": "run_new_seller_trust_building_uat", "line": 172}
{"timestamp": "2026-02-09T03:52:20.534463Z", "level": "WARNING", "logger": "worker_agent", "message": "Agent alex_sentiment_analyzer failed to execute job None", "module": "worker_agent", "function": "execute_job", "line": 102}
{"timestamp": "2026-02-09T03:52:20.534800Z", "level": "INFO", "logger": "simulation", "message": "Simulation event: uat_completed", "module": "logger", "function": "log_simulation_event", "line": 78, "event_type": "uat_completed", "scenario": "new_seller_trust_building", "total_tasks": 5, "successful_verifications": 4, "success_rate": 0.8, "trust_built": true}
{"timestamp": "2026-02-09T03:52:20.534903Z", "level": "INFO", "logger": "simulation", "message": "Simulation event: uat_started", "module": "logger", "function": "log_simulation_event", "line": 78, "event_type": "uat_started", "scenario": "enterprise_production_ai"}
{"timestamp": "2026-02-09T03:52:21.351809Z", "level": "INFO", "logger": "worker_agent", "message": "Agent enterprise_trading_bot successfully executed job None in 0.82s", "module": "worker_agent", "function": "execute_job", "line": 95}
{"timestamp": "2026-02-09T03:52:23.327014Z", "level": "INFO", "logger": "verifier_agent", "message": "Agent regulatory_compliance_verifier verified job trading_decision_1 successfully", "module": "verifier_agent", "function": "verify_job", "line": 38}
{"timestamp": "2026-02-09T03:52:23.327237Z", "level": "INFO", "logger": "uat_scenarios", "message": "Trading decision 1 verified for regulatory compliance", "module": "uat_scenarios", "function": "run_enterprise_production_ai_uat", "line": 257}
{"timestamp": "2026-02-09T03:52:24.066973Z", "level": "INFO", "logger": "worker_agent", "message": "Agent enterprise_trading_bot successfully executed job None in 0.74s", "module": "worker_agent", "function": "execute_job", "line": 95}
{"timestamp": "2026-02-09T03:52:24.975950Z", "level": "INFO", "logger": "verifier_agent", "message": "Agent regulatory_compliance_verifier verified job trading_decision_2 successfully", "module": "verifier_agent", "function": "verify_job", "line": 38}
{"timestamp": "2026-02-09T03:52:24.976157Z", "level": "INFO", "logger": "uat_scenarios", "message": "Trading decision 2 verified for regulatory compliance", "module": "uat_scenarios", "function": "run_enterprise_production_ai_uat", "line": 257}
{"timestamp": "2026-02-09T03:52:24.976221Z", "level": "INFO", "logger": "simulation", "message": "Simulation event: uat_completed", "module": "logger", "function": "log_simulation_event", "line": 78, "event_type": "uat_completed", "scenario": "enterprise_production_ai", "decisions_analyzed": 2, "all_verified": true}
{"timestamp": "2026-02-09T03:52:24.976296Z", "level": "INFO", "logger": "simulation", "message": "Simulation event: uat_started", "module": "logger", "function": "log_simulation_event", "line": 78, "event_type": "uat_started", "scenario": "freelance_quality_competition"}
{"timestamp": "2026-02-09T03:52:25.941030Z", "level": "INFO", "logger": "worker_agent", "message": "Agent lisa_verified_content_creator successfully executed job None in 0.96s", "module": "worker_agent", "function": "execute_job", "line": 95}
{"timestamp": "2026-02-09T03:52:27.800953Z", "level": "INFO", "logger": "worker_agent", "message": "Agent cheap_content_creator successfully executed job None in 1.86s", "module": "worker_agent", "function": "execute_job", "line": 95}
{"timestamp": "2026-02-09T03:52:29.658215Z", "level": "WARNING", "logger": "verifier_agent", "message": "Agent quality_assurance_verifier rejected verification for job marketing_copy_job_lisa", "module": "verifier_agent", "function": "verify_job", "line": 40}
{"timestamp": "2026-02-09T03:52:30.321129Z", "level": "INFO", "logger": "verifier_agent", "message": "Agent quality_assurance_verifier verified job marketing_copy_job_cheap successfully", "module": "verifier_agent", "function": "verify_job", "line": 38}
{"timestamp": "2026-02-09T03:52:30.321326Z", "level": "INFO", "logger": "simulation", "message": "Simulation event: uat_completed", "module": "logger", "function": "log_simulation_event", "line": 78, "event_type": "uat_completed", "scenario": "freelance_quality_competition", "lisa_quality_score": 0, "cheap_quality_score": 0.8302407217439809, "verified_quality_wins": false}
{"timestamp": "2026-02-09T03:52:30.321438Z", "level": "INFO", "logger": "simulation", "message": "Simulation event: uat_started", "module": "logger", "function": "log_simulation_event", "line": 78, "event_type": "uat_started", "scenario": "researcher_reproducibility"}
{"timestamp": "2026-02-09T03:52:31.542321Z", "level": "INFO", "logger": "worker_agent", "message": "Agent dr_patel_climate_researcher successfully executed job None in 1.22s", "module": "worker_agent", "function": "execute_job", "line": 95}
{"timestamp": "2026-02-09T03:52:32.491634Z", "level": "INFO", "logger": "verifier_agent", "message": "Agent peer_review_verifier verified job climate_research_1 successfully", "module": "verifier_agent", "function": "verify_job", "line": 38}
{"timestamp": "2026-02-09T03:52:34.042788Z", "level": "INFO", "logger": "worker_agent", "message": "Agent dr_patel_climate_researcher successfully executed job None in 1.55s", "module": "worker_agent", "function": "execute_job", "line": 95}
{"timestamp": "2026-02-09T03:52:34.042963Z", "level": "INFO", "logger": "uat_scenarios", "message": "Research task 1 reproducibility: True", "module": "uat_scenarios", "function": "run_researcher_reproducibility_uat", "line": 426}
{"timestamp": "2026-02-09T03:52:35.582539Z", "level": "INFO", "logger": "worker_agent", "message": "Agent dr_patel_climate_researcher successfully executed job None in 1.54s", "module": "worker_agent", "function": "execute_job", "line": 95}
{"timestamp": "2026-02-09T03:52:36.364725Z", "level": "INFO", "logger": "verifier_agent", "message": "Agent peer_review_verifier verified job climate_research_2 successfully", "module": "verifier_agent", "function": "verify_job", "line": 38}
{"timestamp": "2026-02-09T03:52:37.493078Z", "level": "INFO", "logger": "worker_agent", "message": "Agent dr_patel_climate_researcher successfully executed job None in 1.13s", "module": "worker_agent", "function": "execute_job", "line": 95}
{"timestamp": "2026-02-09T03:52:37.493283Z", "level": "INFO", "logger": "uat_scenarios", "message": "Research task 2 reproducibility: True", "module": "uat_scenarios", "function": "run_researcher_reproducibility_uat", "line": 426}
{"timestamp": "2026-02-09T03:52:37.493347Z", "level": "INFO", "logger": "simulation", "message": "Simulation event: uat_completed", "module": "logger", "function": "log_simulation_event", "line": 78, "event_type": "uat_completed", "scenario": "researcher_reproducibility", "tasks_analyzed": 2, "reproducibility_checks": [true, true], "all_reproducible": true}
{"timestamp": "2026-02-09T03:52:54.642086Z", "level": "INFO", "logger": "simulation", "message": "Simulation event: uat_started", "module": "logger", "function": "log_simulation_event", "line": 78, "event_type": "uat_started", "scenario": "financial_portfolio_optimization"}
{"timestamp": "2026-02-09T03:52:54.652243Z", "level": "INFO", "logger": "base_agent", "message": "API POST /faucet/claim - Status: 429", "module": "base_agent", "function": "_make_request", "line": 38}
{"timestamp": "2026-02-09T03:52:54.652315Z", "level": "WARNING", "logger": "requester_agent", "message": "Agent michael_financial_advisor hit rate limit on faucet claim", "module": "requester_agent", "function": "claim_faucet", "line": 26}
{"timestamp": "2026-02-09T03:52:54.652497Z", "level": "ERROR", "logger": "uat_scenarios", "message": "UAT: Failed to claim tokens", "module": "uat_scenarios", "function": "run_financial_portfolio_optimization_uat", "line": 56}
{"timestamp": "2026-02-09T03:52:54.652637Z", "level": "INFO", "logger": "simulation", "message": "Simulation event: uat_started", "module": "logger", "function": "log_simulation_event", "line": 78, "event_type": "uat_started", "scenario": "new_seller_trust_building"}
{"timestamp": "2026-02-09T03:52:56.622262Z", "level": "INFO", "logger": "worker_agent", "message": "Agent alex_sentiment_analyzer successfully executed job None in 1.97s", "module": "worker_agent", "function": "execute_job", "line": 95}
{"timestamp": "2026-02-09T03:52:58.441766Z", "level": "INFO", "logger": "verifier_agent", "message": "Agent open_source_verifier verified job open_source_job_1 successfully", "module": "verifier_agent", "function": "verify_job", "line": 38}
{"timestamp": "2026-02-09T03:52:58.441968Z", "level": "INFO", "logger": "uat_scenarios", "message": "Open source task 1 verified successfully", "module": "uat_scenarios", "function": "run_new_seller_trust_building_uat", "line": 172}
{"timestamp": "2026-02-09T03:53:00.199477Z", "level": "INFO", "logger": "worker_agent", "message": "Agent alex_sentiment_analyzer successfully executed job None in 1.76s", "module": "worker_agent", "function": "execute_job", "line": 95}
{"timestamp": "2026-02-09T03:53:00.849647Z", "level": "INFO", "logger": "verifier_agent", "message": "Agent open_source_verifier verified job open_source_job_2 successfully", "module": "verifier_agent", "function": "verify_job", "line": 38}
{"timestamp": "2026-02-09T03:53:00.849825Z", "level": "INFO", "logger": "uat_scenarios", "message": "Open source task 2 verified successfully", "module": "uat_scenarios", "function": "run_new_seller_trust_building_uat", "line": 172}
{"timestamp": "2026-02-09T03:53:02.846874Z", "level": "INFO", "logger": "worker_agent", "message": "Agent alex_sentiment_analyzer successfully executed job None in 2.00s", "module": "worker_agent", "function": "execute_job", "line": 95}
{"timestamp": "2026-02-09T03:53:04.561364Z", "level": "INFO", "logger": "verifier_agent", "message": "Agent open_source_verifier verified job open_source_job_3 successfully", "module": "verifier_agent", "function": "verify_job", "line": 38}
{"timestamp": "2026-02-09T03:53:04.561550Z", "level": "INFO", "logger": "uat_scenarios", "message": "Open source task 3 verified successfully", "module": "uat_scenarios", "function": "run_new_seller_trust_building_uat", "line": 172}
{"timestamp": "2026-02-09T03:53:06.162516Z", "level": "INFO", "logger": "worker_agent", "message": "Agent alex_sentiment_analyzer successfully executed job None in 1.60s", "module": "worker_agent", "function": "execute_job", "line": 95}
{"timestamp": "2026-02-09T03:53:07.286081Z", "level": "WARNING", "logger": "verifier_agent", "message": "Agent open_source_verifier rejected verification for job open_source_job_4", "module": "verifier_agent", "function": "verify_job", "line": 40}
{"timestamp": "2026-02-09T03:53:09.296494Z", "level": "WARNING", "logger": "worker_agent", "message": "Agent alex_sentiment_analyzer failed to execute job None", "module": "worker_agent", "function": "execute_job", "line": 102}
{"timestamp": "2026-02-09T03:53:09.296687Z", "level": "INFO", "logger": "simulation", "message": "Simulation event: uat_completed", "module": "logger", "function": "log_simulation_event", "line": 78, "event_type": "uat_completed", "scenario": "new_seller_trust_building", "total_tasks": 5, "successful_verifications": 3, "success_rate": 0.6, "trust_built": false}
{"timestamp": "2026-02-09T03:53:09.296782Z", "level": "INFO", "logger": "simulation", "message": "Simulation event: uat_started", "module": "logger", "function": "log_simulation_event", "line": 78, "event_type": "uat_started", "scenario": "enterprise_production_ai"}
{"timestamp": "2026-02-09T03:53:09.911510Z", "level": "INFO", "logger": "worker_agent", "message": "Agent enterprise_trading_bot successfully executed job None in 0.61s", "module": "worker_agent", "function": "execute_job", "line": 95}
{"timestamp": "2026-02-09T03:53:10.880845Z", "level": "INFO", "logger": "verifier_agent", "message": "Agent regulatory_compliance_verifier verified job trading_decision_1 successfully", "module": "verifier_agent", "function": "verify_job", "line": 38}
{"timestamp": "2026-02-09T03:53:10.881035Z", "level": "INFO", "logger": "uat_scenarios", "message": "Trading decision 1 verified for regulatory compliance", "module": "uat_scenarios", "function": "run_enterprise_production_ai_uat", "line": 257}
{"timestamp": "2026-02-09T03:53:11.668976Z", "level": "INFO", "logger": "worker_agent", "message": "Agent enterprise_trading_bot successfully executed job None in 0.79s", "module": "worker_agent", "function": "execute_job", "line": 95}
{"timestamp": "2026-02-09T03:53:12.627537Z", "level": "INFO", "logger": "verifier_agent", "message": "Agent regulatory_compliance_verifier verified job trading_decision_2 successfully", "module": "verifier_agent", "function": "verify_job", "line": 38}
{"timestamp": "2026-02-09T03:53:12.627717Z", "level": "INFO", "logger": "uat_scenarios", "message": "Trading decision 2 verified for regulatory compliance", "module": "uat_scenarios", "function": "run_enterprise_production_ai_uat", "line": 257}
{"timestamp": "2026-02-09T03:53:12.627796Z", "level": "INFO", "logger": "simulation", "message": "Simulation event: uat_completed", "module": "logger", "function": "log_simulation_event", "line": 78, "event_type": "uat_completed", "scenario": "enterprise_production_ai", "decisions_analyzed": 2, "all_verified": true}
{"timestamp": "2026-02-09T03:53:12.627882Z", "level": "INFO", "logger": "simulation", "message": "Simulation event: uat_started", "module": "logger", "function": "log_simulation_event", "line": 78, "event_type": "uat_started", "scenario": "freelance_quality_competition"}
{"timestamp": "2026-02-09T03:53:13.606165Z", "level": "INFO", "logger": "worker_agent", "message": "Agent lisa_verified_content_creator successfully executed job None in 0.98s", "module": "worker_agent", "function": "execute_job", "line": 95}
{"timestamp": "2026-02-09T03:53:15.673601Z", "level": "WARNING", "logger": "worker_agent", "message": "Agent cheap_content_creator failed to execute job None", "module": "worker_agent", "function": "execute_job", "line": 102}
{"timestamp": "2026-02-09T03:53:16.610675Z", "level": "INFO", "logger": "verifier_agent", "message": "Agent quality_assurance_verifier verified job marketing_copy_job_lisa successfully", "module": "verifier_agent", "function": "verify_job", "line": 38}
{"timestamp": "2026-02-09T03:53:16.610871Z", "level": "INFO", "logger": "simulation", "message": "Simulation event: uat_completed", "module": "logger", "function": "log_simulation_event", "line": 78, "event_type": "uat_completed", "scenario": "freelance_quality_competition", "lisa_quality_score": 0.8015816153845245, "cheap_quality_score": 0, "verified_quality_wins": true}
{"timestamp": "2026-02-09T03:53:16.610976Z", "level": "INFO", "logger": "simulation", "message": "Simulation event: uat_started", "module": "logger", "function": "log_simulation_event", "line": 78, "event_type": "uat_started", "scenario": "researcher_reproducibility"}
{"timestamp": "2026-02-09T03:53:17.789177Z", "level": "WARNING", "logger": "worker_agent", "message": "Agent dr_patel_climate_researcher failed to execute job None", "module": "worker_agent", "function": "execute_job", "line": 102}
{"timestamp": "2026-02-09T03:53:17.789371Z", "level": "ERROR", "logger": "uat_scenarios", "message": "Research task 1 failed", "module": "uat_scenarios", "function": "run_researcher_reproducibility_uat", "line": 405}
{"timestamp": "2026-02-09T03:53:19.257796Z", "level": "INFO", "logger": "worker_agent", "message": "Agent dr_patel_climate_researcher successfully executed job None in 1.47s", "module": "worker_agent", "function": "execute_job", "line": 95}
{"timestamp": "2026-02-09T03:53:21.023937Z", "level": "WARNING", "logger": "verifier_agent", "message": "Agent peer_review_verifier rejected verification for job climate_research_2", "module": "verifier_agent", "function": "verify_job", "line": 40}
{"timestamp": "2026-02-09T03:53:22.215589Z", "level": "INFO", "logger": "worker_agent", "message": "Agent dr_patel_climate_researcher successfully executed job None in 1.19s", "module": "worker_agent", "function": "execute_job", "line": 95}
{"timestamp": "2026-02-09T03:53:22.215764Z", "level": "INFO", "logger": "uat_scenarios", "message": "Research task 2 reproducibility: False", "module": "uat_scenarios", "function": "run_researcher_reproducibility_uat", "line": 426}
{"timestamp": "2026-02-09T03:53:22.215831Z", "level": "INFO", "logger": "simulation", "message": "Simulation event: uat_completed", "module": "logger", "function": "log_simulation_event", "line": 78, "event_type": "uat_completed", "scenario": "researcher_reproducibility", "tasks_analyzed": 2, "reproducibility_checks": [false, false], "all_reproducible": false}
{"timestamp": "2026-02-09T03:53:41.188727Z", "level": "INFO", "logger": "simulation", "message": "Simulation event: uat_started", "module": "logger", "function": "log_simulation_event", "line": 78, "event_type": "uat_started", "scenario": "financial_portfolio_optimization"}
{"timestamp": "2026-02-09T03:53:41.196765Z", "level": "INFO", "logger": "base_agent", "message": "API POST /faucet/claim - Status: 429", "module": "base_agent", "function": "_make_request", "line": 38}
{"timestamp": "2026-02-09T03:53:41.196859Z", "level": "WARNING", "logger": "requester_agent", "message": "Agent michael_financial_advisor hit rate limit on faucet claim", "module": "requester_agent", "function": "claim_faucet", "line": 26}
{"timestamp": "2026-02-09T03:53:41.197037Z", "level": "ERROR", "logger": "uat_scenarios", "message": "UAT: Failed to claim tokens", "module": "uat_scenarios", "function": "run_financial_portfolio_optimization_uat", "line": 56}
{"timestamp": "2026-02-09T03:53:41.197182Z", "level": "INFO", "logger": "simulation", "message": "Simulation event: uat_started", "module": "logger", "function": "log_simulation_event", "line": 78, "event_type": "uat_started", "scenario": "new_seller_trust_building"}
{"timestamp": "2026-02-09T03:53:43.387975Z", "level": "INFO", "logger": "worker_agent", "message": "Agent alex_sentiment_analyzer successfully executed job None in 2.19s", "module": "worker_agent", "function": "execute_job", "line": 95}
{"timestamp": "2026-02-09T03:53:44.362798Z", "level": "INFO", "logger": "verifier_agent", "message": "Agent open_source_verifier verified job open_source_job_1 successfully", "module": "verifier_agent", "function": "verify_job", "line": 38}
{"timestamp": "2026-02-09T03:53:44.362986Z", "level": "INFO", "logger": "uat_scenarios", "message": "Open source task 1 verified successfully", "module": "uat_scenarios", "function": "run_new_seller_trust_building_uat", "line": 172}
{"timestamp": "2026-02-09T03:53:46.147962Z", "level": "INFO", "logger": "worker_agent", "message": "Agent alex_sentiment_analyzer successfully executed job None in 1.78s", "module": "worker_agent", "function": "execute_job", "line": 95}
{"timestamp": "2026-02-09T03:53:47.516227Z", "level": "INFO", "logger": "verifier_agent", "message": "Agent open_source_verifier verified job open_source_job_2 successfully", "module": "verifier_agent", "function": "verify_job", "line": 38}
{"timestamp": "2026-02-09T03:53:47.516420Z", "level": "INFO", "logger": "uat_scenarios", "message": "Open source task 2 verified successfully", "module": "uat_scenarios", "function": "run_new_seller_trust_building_uat", "line": 172}
{"timestamp": "2026-02-09T03:53:49.364067Z", "level": "INFO", "logger": "worker_agent", "message": "Agent alex_sentiment_analyzer successfully executed job None in 1.85s", "module": "worker_agent", "function": "execute_job", "line": 95}
{"timestamp": "2026-02-09T03:53:50.908337Z", "level": "INFO", "logger": "verifier_agent", "message": "Agent open_source_verifier verified job open_source_job_3 successfully", "module": "verifier_agent", "function": "verify_job", "line": 38}
{"timestamp": "2026-02-09T03:53:50.908869Z", "level": "INFO", "logger": "uat_scenarios", "message": "Open source task 3 verified successfully", "module": "uat_scenarios", "function": "run_new_seller_trust_building_uat", "line": 172}
{"timestamp": "2026-02-09T03:53:52.672173Z", "level": "INFO", "logger": "worker_agent", "message": "Agent alex_sentiment_analyzer successfully executed job None in 1.76s", "module": "worker_agent", "function": "execute_job", "line": 95}
{"timestamp": "2026-02-09T03:53:53.808378Z", "level": "INFO", "logger": "verifier_agent", "message": "Agent open_source_verifier verified job open_source_job_4 successfully", "module": "verifier_agent", "function": "verify_job", "line": 38}
{"timestamp": "2026-02-09T03:53:53.808626Z", "level": "INFO", "logger": "uat_scenarios", "message": "Open source task 4 verified successfully", "module": "uat_scenarios", "function": "run_new_seller_trust_building_uat", "line": 172}
{"timestamp": "2026-02-09T03:53:55.544945Z", "level": "INFO", "logger": "worker_agent", "message": "Agent alex_sentiment_analyzer successfully executed job None in 1.74s", "module": "worker_agent", "function": "execute_job", "line": 95}
{"timestamp": "2026-02-09T03:53:57.489033Z", "level": "INFO", "logger": "verifier_agent", "message": "Agent open_source_verifier verified job open_source_job_5 successfully", "module": "verifier_agent", "function": "verify_job", "line": 38}
{"timestamp": "2026-02-09T03:53:57.489212Z", "level": "INFO", "logger": "uat_scenarios", "message": "Open source task 5 verified successfully", "module": "uat_scenarios", "function": "run_new_seller_trust_building_uat", "line": 172}
{"timestamp": "2026-02-09T03:53:57.489305Z", "level": "INFO", "logger": "simulation", "message": "Simulation event: uat_completed", "module": "logger", "function": "log_simulation_event", "line": 78, "event_type": "uat_completed", "scenario": "new_seller_trust_building", "total_tasks": 5, "successful_verifications": 5, "success_rate": 1.0, "trust_built": true}
{"timestamp": "2026-02-09T03:53:57.489393Z", "level": "INFO", "logger": "simulation", "message": "Simulation event: uat_started", "module": "logger", "function": "log_simulation_event", "line": 78, "event_type": "uat_started", "scenario": "enterprise_production_ai"}
{"timestamp": "2026-02-09T03:53:58.180087Z", "level": "INFO", "logger": "worker_agent", "message": "Agent enterprise_trading_bot successfully executed job None in 0.69s", "module": "worker_agent", "function": "execute_job", "line": 95}
{"timestamp": "2026-02-09T03:54:00.078964Z", "level": "INFO", "logger": "verifier_agent", "message": "Agent regulatory_compliance_verifier verified job trading_decision_1 successfully", "module": "verifier_agent", "function": "verify_job", "line": 38}
{"timestamp": "2026-02-09T03:54:00.079138Z", "level": "INFO", "logger": "uat_scenarios", "message": "Trading decision 1 verified for regulatory compliance", "module": "uat_scenarios", "function": "run_enterprise_production_ai_uat", "line": 257}
{"timestamp": "2026-02-09T03:54:00.793008Z", "level": "INFO", "logger": "worker_agent", "message": "Agent enterprise_trading_bot successfully executed job None in 0.71s", "module": "worker_agent", "function": "execute_job", "line": 95}
{"timestamp": "2026-02-09T03:54:01.441938Z", "level": "INFO", "logger": "verifier_agent", "message": "Agent regulatory_compliance_verifier verified job trading_decision_2 successfully", "module": "verifier_agent", "function": "verify_job", "line": 38}
{"timestamp": "2026-02-09T03:54:01.442118Z", "level": "INFO", "logger": "uat_scenarios", "message": "Trading decision 2 verified for regulatory compliance", "module": "uat_scenarios", "function": "run_enterprise_production_ai_uat", "line": 257}
{"timestamp": "2026-02-09T03:54:01.442183Z", "level": "INFO", "logger": "simulation", "message": "Simulation event: uat_completed", "module": "logger", "function": "log_simulation_event", "line": 78, "event_type": "uat_completed", "scenario": "enterprise_production_ai", "decisions_analyzed": 2, "all_verified": true}
{"timestamp": "2026-02-09T03:54:01.442258Z", "level": "INFO", "logger": "simulation", "message": "Simulation event: uat_started", "module": "logger", "function": "log_simulation_event", "line": 78, "event_type": "uat_started", "scenario": "freelance_quality_competition"}
{"timestamp": "2026-02-09T03:54:02.395024Z", "level": "INFO", "logger": "worker_agent", "message": "Agent lisa_verified_content_creator successfully executed job None in 0.95s", "module": "worker_agent", "function": "execute_job", "line": 95}
{"timestamp": "2026-02-09T03:54:04.348503Z", "level": "WARNING", "logger": "worker_agent", "message": "Agent cheap_content_creator failed to execute job None", "module": "worker_agent", "function": "execute_job", "line": 102}
{"timestamp": "2026-02-09T03:54:05.360071Z", "level": "INFO", "logger": "verifier_agent", "message": "Agent quality_assurance_verifier verified job marketing_copy_job_lisa successfully", "module": "verifier_agent", "function": "verify_job", "line": 38}
{"timestamp": "2026-02-09T03:54:05.360267Z", "level": "INFO", "logger": "simulation", "message": "Simulation event: uat_completed", "module": "logger", "function": "log_simulation_event", "line": 78, "event_type": "uat_completed", "scenario": "freelance_quality_competition", "lisa_quality_score": 0.9975153281049534, "cheap_quality_score": 0, "verified_quality_wins": true}
{"timestamp": "2026-02-09T03:54:05.360365Z", "level": "INFO", "logger": "simulation", "message": "Simulation event: uat_started", "module": "logger", "function": "log_simulation_event", "line": 78, "event_type": "uat_started", "scenario": "researcher_reproducibility"}
{"timestamp": "2026-02-09T03:54:06.622613Z", "level": "INFO", "logger": "worker_agent", "message": "Agent dr_patel_climate_researcher successfully executed job None in 1.26s", "module": "worker_agent", "function": "execute_job", "line": 95}
{"timestamp": "2026-02-09T03:54:07.311262Z", "level": "INFO", "logger": "verifier_agent", "message": "Agent peer_review_verifier verified job climate_research_1 successfully", "module": "verifier_agent", "function": "verify_job", "line": 38}
{"timestamp": "2026-02-09T03:54:08.646027Z", "level": "INFO", "logger": "worker_agent", "message": "Agent dr_patel_climate_researcher successfully executed job None in 1.33s", "module": "worker_agent", "function": "execute_job", "line": 95}
{"timestamp": "2026-02-09T03:54:08.646194Z", "level": "INFO", "logger": "uat_scenarios", "message": "Research task 1 reproducibility: True", "module": "uat_scenarios", "function": "run_researcher_reproducibility_uat", "line": 426}
{"timestamp": "2026-02-09T03:54:10.088154Z", "level": "INFO", "logger": "worker_agent", "message": "Agent dr_patel_climate_researcher successfully executed job None in 1.44s", "module": "worker_agent", "function": "execute_job", "line": 95}
{"timestamp": "2026-02-09T03:54:11.372967Z", "level": "INFO", "logger": "verifier_agent", "message": "Agent peer_review_verifier verified job climate_research_2 successfully", "module": "verifier_agent", "function": "verify_job", "line": 38}
{"timestamp": "2026-02-09T03:54:12.496244Z", "level": "INFO", "logger": "worker_agent", "message": "Agent dr_patel_climate_researcher successfully executed job None in 1.12s", "module": "worker_agent", "function": "execute_job", "line": 95}
{"timestamp": "2026-02-09T03:54:12.496456Z", "level": "INFO", "logger": "uat_scenarios", "message": "Research task 2 reproducibility: True", "module": "uat_scenarios", "function": "run_researcher_reproducibility_uat", "line": 426}
{"timestamp": "2026-02-09T03:54:12.496520Z", "level": "INFO", "logger": "simulation", "message": "Simulation event: uat_completed", "module": "logger", "function": "log_simulation_event", "line": 78, "event_type": "uat_completed", "scenario": "researcher_reproducibility", "tasks_analyzed": 2, "reproducibility_checks": [true, true], "all_reproducible": true}
{"timestamp": "2026-02-09T05:14:27.978228Z", "level": "INFO", "logger": "simulation", "message": "Simulation event: uat_started", "module": "logger", "function": "log_simulation_event", "line": 78, "event_type": "uat_started", "scenario": "financial_portfolio_optimization"}
{"timestamp": "2026-02-09T05:14:28.209014Z", "level": "INFO", "logger": "base_agent", "message": "API POST /api/faucet/claim - Status: 429", "module": "base_agent", "function": "_make_request", "line": 38}
{"timestamp": "2026-02-09T05:14:28.209088Z", "level": "WARNING", "logger": "requester_agent", "message": "Agent michael_financial_advisor hit rate limit on faucet claim", "module": "requester_agent", "function": "claim_faucet", "line": 26}
{"timestamp": "2026-02-09T05:14:28.209258Z", "level": "ERROR", "logger": "uat_scenarios", "message": "UAT: Failed to claim tokens", "module": "uat_scenarios", "function": "run_financial_portfolio_optimization_uat", "line": 56}
{"timestamp": "2026-02-09T05:14:28.209398Z", "level": "INFO", "logger": "simulation", "message": "Simulation event: uat_started", "module": "logger", "function": "log_simulation_event", "line": 78, "event_type": "uat_started", "scenario": "new_seller_trust_building"}
{"timestamp": "2026-02-09T05:14:30.377091Z", "level": "INFO", "logger": "worker_agent", "message": "Agent alex_sentiment_analyzer successfully executed job None in 2.17s", "module": "worker_agent", "function": "execute_job", "line": 95}
{"timestamp": "2026-02-09T05:14:31.444174Z", "level": "INFO", "logger": "verifier_agent", "message": "Agent open_source_verifier verified job open_source_job_1 successfully", "module": "verifier_agent", "function": "verify_job", "line": 38}
{"timestamp": "2026-02-09T05:14:31.444626Z", "level": "INFO", "logger": "uat_scenarios", "message": "Open source task 1 verified successfully", "module": "uat_scenarios", "function": "run_new_seller_trust_building_uat", "line": 172}
{"timestamp": "2026-02-09T05:14:33.565726Z", "level": "INFO", "logger": "worker_agent", "message": "Agent alex_sentiment_analyzer successfully executed job None in 2.12s", "module": "worker_agent", "function": "execute_job", "line": 95}
{"timestamp": "2026-02-09T05:14:34.750842Z", "level": "INFO", "logger": "verifier_agent", "message": "Agent open_source_verifier verified job open_source_job_2 successfully", "module": "verifier_agent", "function": "verify_job", "line": 38}
{"timestamp": "2026-02-09T05:14:34.751006Z", "level": "INFO", "logger": "uat_scenarios", "message": "Open source task 2 verified successfully", "module": "uat_scenarios", "function": "run_new_seller_trust_building_uat", "line": 172}
{"timestamp": "2026-02-09T05:14:36.590025Z", "level": "INFO", "logger": "worker_agent", "message": "Agent alex_sentiment_analyzer successfully executed job None in 1.84s", "module": "worker_agent", "function": "execute_job", "line": 95}
{"timestamp": "2026-02-09T05:14:38.499509Z", "level": "WARNING", "logger": "verifier_agent", "message": "Agent open_source_verifier rejected verification for job open_source_job_3", "module": "verifier_agent", "function": "verify_job", "line": 40}
{"timestamp": "2026-02-09T05:14:40.567328Z", "level": "INFO", "logger": "worker_agent", "message": "Agent alex_sentiment_analyzer successfully executed job None in 2.07s", "module": "worker_agent", "function": "execute_job", "line": 95}
{"timestamp": "2026-02-09T05:14:41.814993Z", "level": "INFO", "logger": "verifier_agent", "message": "Agent open_source_verifier verified job open_source_job_4 successfully", "module": "verifier_agent", "function": "verify_job", "line": 38}
{"timestamp": "2026-02-09T05:14:41.815165Z", "level": "INFO", "logger": "uat_scenarios", "message": "Open source task 4 verified successfully", "module": "uat_scenarios", "function": "run_new_seller_trust_building_uat", "line": 172}
{"timestamp": "2026-02-09T05:14:44.121974Z", "level": "INFO", "logger": "worker_agent", "message": "Agent alex_sentiment_analyzer successfully executed job None in 2.31s", "module": "worker_agent", "function": "execute_job", "line": 95}
{"timestamp": "2026-02-09T05:14:45.260942Z", "level": "INFO", "logger": "verifier_agent", "message": "Agent open_source_verifier verified job open_source_job_5 successfully", "module": "verifier_agent", "function": "verify_job", "line": 38}
{"timestamp": "2026-02-09T05:14:45.261142Z", "level": "INFO", "logger": "uat_scenarios", "message": "Open source task 5 verified successfully", "module": "uat_scenarios", "function": "run_new_seller_trust_building_uat", "line": 172}
{"timestamp": "2026-02-09T05:14:45.261224Z", "level": "INFO", "logger": "simulation", "message": "Simulation event: uat_completed", "module": "logger", "function": "log_simulation_event", "line": 78, "event_type": "uat_completed", "scenario": "new_seller_trust_building", "total_tasks": 5, "successful_verifications": 4, "success_rate": 0.8, "trust_built": true}
{"timestamp": "2026-02-09T05:14:45.261316Z", "level": "INFO", "logger": "simulation", "message": "Simulation event: uat_started", "module": "logger", "function": "log_simulation_event", "line": 78, "event_type": "uat_started", "scenario": "enterprise_production_ai"}
{"timestamp": "2026-02-09T05:14:45.899964Z", "level": "INFO", "logger": "worker_agent", "message": "Agent enterprise_trading_bot successfully executed job None in 0.64s", "module": "worker_agent", "function": "execute_job", "line": 95}
{"timestamp": "2026-02-09T05:14:46.546963Z", "level": "INFO", "logger": "verifier_agent", "message": "Agent regulatory_compliance_verifier verified job trading_decision_1 successfully", "module": "verifier_agent", "function": "verify_job", "line": 38}
{"timestamp": "2026-02-09T05:14:46.547167Z", "level": "INFO", "logger": "uat_scenarios", "message": "Trading decision 1 verified for regulatory compliance", "module": "uat_scenarios", "function": "run_enterprise_production_ai_uat", "line": 257}
{"timestamp": "2026-02-09T05:14:47.336278Z", "level": "INFO", "logger": "worker_agent", "message": "Agent enterprise_trading_bot successfully executed job None in 0.79s", "module": "worker_agent", "function": "execute_job", "line": 95}
{"timestamp": "2026-02-09T05:14:48.154279Z", "level": "INFO", "logger": "verifier_agent", "message": "Agent regulatory_compliance_verifier verified job trading_decision_2 successfully", "module": "verifier_agent", "function": "verify_job", "line": 38}
{"timestamp": "2026-02-09T05:14:48.154442Z", "level": "INFO", "logger": "uat_scenarios", "message": "Trading decision 2 verified for regulatory compliance", "module": "uat_scenarios", "function": "run_enterprise_production_ai_uat", "line": 257}
{"timestamp": "2026-02-09T05:14:48.154504Z", "level": "INFO", "logger": "simulation", "message": "Simulation event: uat_completed", "module": "logger", "function": "log_simulation_event", "line": 78, "event_type": "uat_completed", "scenario": "enterprise_production_ai", "decisions_analyzed": 2, "all_verified": true}
{"timestamp": "2026-02-09T05:14:48.154581Z", "level": "INFO", "logger": "simulation", "message": "Simulation event: uat_started", "module": "logger", "function": "log_simulation_event", "line": 78, "event_type": "uat_started", "scenario": "freelance_quality_competition"}
{"timestamp": "2026-02-09T05:14:49.384820Z", "level": "INFO", "logger": "worker_agent", "message": "Agent lisa_verified_content_creator successfully executed job None in 1.23s", "module": "worker_agent", "function": "execute_job", "line": 95}
{"timestamp": "2026-02-09T05:14:51.319883Z", "level": "INFO", "logger": "worker_agent", "message": "Agent cheap_content_creator successfully executed job None in 1.93s", "module": "worker_agent", "function": "execute_job", "line": 95}
{"timestamp": "2026-02-09T05:14:52.384505Z", "level": "INFO", "logger": "verifier_agent", "message": "Agent quality_assurance_verifier verified job marketing_copy_job_lisa successfully", "module": "verifier_agent", "function": "verify_job", "line": 38}
{"timestamp": "2026-02-09T05:14:54.308120Z", "level": "INFO", "logger": "verifier_agent", "message": "Agent quality_assurance_verifier verified job marketing_copy_job_cheap successfully", "module": "verifier_agent", "function": "verify_job", "line": 38}
{"timestamp": "2026-02-09T05:14:54.308304Z", "level": "INFO", "logger": "simulation", "message": "Simulation event: uat_completed", "module": "logger", "function": "log_simulation_event", "line": 78, "event_type": "uat_completed", "scenario": "freelance_quality_competition", "lisa_quality_score": 0.9735398954903165, "cheap_quality_score": 0.9421623681908119, "verified_quality_wins": true}
{"timestamp": "2026-02-09T05:14:54.308399Z", "level": "INFO", "logger": "simulation", "message": "Simulation event: uat_started", "module": "logger", "function": "log_simulation_event", "line": 78, "event_type": "uat_started", "scenario": "researcher_reproducibility"}
{"timestamp": "2026-02-09T05:14:55.808657Z", "level": "INFO", "logger": "worker_agent", "message": "Agent dr_patel_climate_researcher successfully executed job None in 1.50s", "module": "worker_agent", "function": "execute_job", "line": 95}
{"timestamp": "2026-02-09T05:14:57.521676Z", "level": "INFO", "logger": "verifier_agent", "message": "Agent peer_review_verifier verified job climate_research_1 successfully", "module": "verifier_agent", "function": "verify_job", "line": 38}
{"timestamp": "2026-02-09T05:14:59.064979Z", "level": "INFO", "logger": "worker_agent", "message": "Agent dr_patel_climate_researcher successfully executed job None in 1.54s", "module": "worker_agent", "function": "execute_job", "line": 95}
{"timestamp": "2026-02-09T05:14:59.065314Z", "level": "INFO", "logger": "uat_scenarios", "message": "Research task 1 reproducibility: True", "module": "uat_scenarios", "function": "run_researcher_reproducibility_uat", "line": 426}
{"timestamp": "2026-02-09T05:15:00.656357Z", "level": "INFO", "logger": "worker_agent", "message": "Agent dr_patel_climate_researcher successfully executed job None in 1.59s", "module": "worker_agent", "function": "execute_job", "line": 95}
{"timestamp": "2026-02-09T05:15:01.577937Z", "level": "INFO", "logger": "verifier_agent", "message": "Agent peer_review_verifier verified job climate_research_2 successfully", "module": "verifier_agent", "function": "verify_job", "line": 38}
{"timestamp": "2026-02-09T05:15:03.095536Z", "level": "INFO", "logger": "worker_agent", "message": "Agent dr_patel_climate_researcher successfully executed job None in 1.52s", "module": "worker_agent", "function": "execute_job", "line": 95}
{"timestamp": "2026-02-09T05:15:03.095707Z", "level": "INFO", "logger": "uat_scenarios", "message": "Research task 2 reproducibility: True", "module": "uat_scenarios", "function": "run_researcher_reproducibility_uat", "line": 426}
{"timestamp": "2026-02-09T05:15:03.095790Z", "level": "INFO", "logger": "simulation", "message": "Simulation event: uat_completed", "module": "logger", "function": "log_simulation_event", "line": 78, "event_type": "uat_completed", "scenario": "researcher_reproducibility", "tasks_analyzed": 2, "reproducibility_checks": [true, true], "all_reproducible": true}
